Array
(
    [0] => NORSU Campus 1
)
Array
(
    [0] => NORSU Campus 1
    [1] => Wifi
)
Array
(
    [0] => NORSU Campus 1
    [1] => Wifi
    [2] => Bathroom
)
Array
(
    [0] => NORSU Campus 1
    [1] => Wifi
    [2] => Air conditioned
    [3] => Bathroom
)
Array
(
    [0] => NORSU Campus 1
    [1] => Wifi
    [2] => Air conditioned
    [3] => Bathroom
    [4] => Kitchen
)
Array
(
    [0] => NORSU Campus 1
    [1] => Bais City Science High School
    [2] => Wifi
    [3] => Air conditioned
    [4] => Bathroom
    [5] => Kitchen
)
Array
(
    [0] => NORSU Campus 1
)
Array
(
    [0] => Complimentary breakfast
)
Array
(
    [0] => Parking
    [1] => Complimentary breakfast
)
Array
(
    [0] => NORSU Campus 1
    [1] => Parking
    [2] => Complimentary breakfast
)
Array
(
    [0] => NORSU Campus 1
)
Array
(
    [filters] => Array
        (
            [0] => NORSU Campus 1
        )

    [min_price] => 300
    [max_price] => 3500
)
Array
(
    [filters] => Array
        (
            [0] => NORSU Campus 1
        )

    [min_price] => 300
    [max_price] => 3500
)
Array
(
    [filters] => Array
        (
            [0] => NORSU Campus 1
        )

    [min_price] => 300
    [max_price] => 3500
)
Array
(
    [filters] => Array
        (
            [0] => NORSU Campus 1
        )

    [min_price] => 300
    [max_price] => 3500
)
Array
(
    [filters] => Array
        (
            [0] => NORSU Campus 1
        )

    [min_price] => 300
    [max_price] => 3500
)
Array
(
    [filters] => Array
        (
            [0] => NORSU Campus 1
        )

    [min_price] => 300
    [max_price] => 3500
)
Array
(
    [filters] => Array
        (
            [0] => NORSU Campus 1
        )

    [min_price] => 300
    [max_price] => 3500
)
Array
(
    [filters] => Array
        (
            [0] => NORSU Campus 1
        )

    [min_price] => 300
    [max_price] => 3500
)
Array
(
    [filters] => Array
        (
            [0] => NORSU Campus 1
        )

    [min_price] => 300
    [max_price] => 3500
)
Array
(
    [filters] => Array
        (
            [0] => NORSU Campus 1
        )

    [min_price] => 300
    [max_price] => 3500
)
Array
(
    [filters] => Array
        (
            [0] => NORSU Campus 1
        )

    [min_price] => 300
    [max_price] => 3500
)
Array
(
    [filters] => Array
        (
            [0] => NORSU Campus 1
        )

    [min_price] => 300
    [max_price] => 3500
)
Array
(
    [filters] => Array
        (
            [0] => NORSU Campus 1
        )

    [min_price] => 300
    [max_price] => 3500
)
Array
(
    [filters] => Array
        (
            [0] => NORSU Campus 1
        )

    [min_price] => 300
    [max_price] => 3500
)
Array
(
    [filters] => Array
        (
            [0] => NORSU Campus 1
        )

    [min_price] => 300
    [max_price] => 3500
)
Array
(
    [filters] => Array
        (
            [0] => NORSU Campus 1
        )

    [min_price] => 300
    [max_price] => 3500
)
Array
(
    [filters] => Array
        (
            [0] => NORSU Campus 1
        )

    [min_price] => 300
    [max_price] => 3500
)
Array
(
    [filters] => Array
        (
            [0] => NORSU Campus 1
        )

    [min_price] => 300
    [max_price] => 3500
)
Array
(
    [filters] => Array
        (
            [0] => NORSU Campus 1
        )

    [min_price] => 300
    [max_price] => 3500
)
Array
(
    [filters] => Array
        (
            [0] => NORSU Campus 1
        )

    [min_price] => 300
    [max_price] => 3500
)
Array
(
    [filters] => Array
        (
            [0] => NORSU Campus 1
        )

    [min_price] => 300
    [max_price] => 3500
)
Array
(
    [filters] => Array
        (
            [0] => NORSU Campus 1
        )

    [min_price] => 300
    [max_price] => 3500
)
Array
(
    [filters] => Array
        (
            [0] => NORSU Campus 1
        )

    [min_price] => 300
    [max_price] => 3500
)
Array
(
    [filters] => Array
        (
            [0] => NORSU Campus 1
        )

    [min_price] => 300
    [max_price] => 3500
)
Array
(
    [filters] => Array
        (
            [0] => NORSU Campus 1
        )

    [min_price] => 300
    [max_price] => 3500
)
Array
(
    [filters] => Array
        (
            [0] => NORSU Campus 1
        )

    [min_price] => 300
    [max_price] => 3500
)
Array
(
    [filters] => Array
        (
            [0] => NORSU Campus 1
        )

    [min_price] => 300
    [max_price] => 3500
)
Array
(
    [filters] => Array
        (
            [0] => NORSU Campus 1
        )

    [min_price] => 300
    [max_price] => 3500
)
Array
(
    [filters] => Array
        (
            [0] => NORSU Campus 1
        )

    [min_price] => 300
    [max_price] => 3500
)
Array
(
    [filters] => Array
        (
            [0] => NORSU Campus 1
        )

    [min_price] => 300
    [max_price] => 3500
)
Array
(
    [filters] => Array
        (
            [0] => NORSU Campus 1
        )

    [min_price] => 300
    [max_price] => 3500
)
Array
(
    [filters] => Array
        (
            [0] => NORSU Campus 1
        )

    [min_price] => 300
    [max_price] => 3500
)
Array
(
    [filters] => Array
        (
            [0] => NORSU Campus 1
        )

    [min_price] => 300
    [max_price] => 3500
)
Array
(
    [filters] => Array
        (
            [0] => NORSU Campus 1
        )

    [min_price] => 300
    [max_price] => 3500
)
Array
(
    [filters] => Array
        (
            [0] => NORSU Campus 1
        )

    [min_price] => 300
    [max_price] => 3500
)
Array
(
    [filters] => Array
        (
            [0] => NORSU Campus 1
        )

    [min_price] => 300
    [max_price] => 3500
)
Array
(
    [filters] => Array
        (
            [0] => NORSU Campus 1
        )

    [min_price] => 300
    [max_price] => 3500
)
Array
(
    [filters] => Array
        (
            [0] => NORSU Campus 1
        )

    [min_price] => 300
    [max_price] => 3500
)
Array
(
    [filters] => Array
        (
            [0] => NORSU Campus 1
        )

    [min_price] => 300
    [max_price] => 3500
)
Array
(
    [filters] => Array
        (
            [0] => NORSU Campus 1
        )

    [min_price] => 300
    [max_price] => 3500
)
Array
(
    [filters] => Array
        (
            [0] => NORSU Campus 1
        )

    [min_price] => 300
    [max_price] => 3500
)
Array
(
    [filters] => Array
        (
            [0] => NORSU Campus 1
        )

    [min_price] => 300
    [max_price] => 3500
)
Array
(
    [filters] => Array
        (
            [0] => NORSU Campus 1
        )

    [min_price] => 300
    [max_price] => 3500
)
Array
(
    [filters] => Array
        (
            [0] => NORSU Campus 1
        )

    [min_price] => 300
    [max_price] => 3500
)
Array
(
    [filters] => Array
        (
            [0] => NORSU Campus 1
        )

    [min_price] => 300
    [max_price] => 3500
)
Array
(
    [filters] => Array
        (
            [0] => NORSU Campus 1
        )

    [min_price] => 300
    [max_price] => 3500
)
Array
(
    [filters] => Array
        (
            [0] => NORSU Campus 1
        )

    [min_price] => 300
    [max_price] => 3500
)
Array
(
    [filters] => Array
        (
            [0] => NORSU Campus 1
        )

    [min_price] => 300
    [max_price] => 3500
)
Array
(
    [filters] => Array
        (
            [0] => NORSU Campus 1
        )

    [min_price] => 300
    [max_price] => 3500
)
Array
(
    [filters] => Array
        (
            [0] => NORSU Campus 1
        )

    [min_price] => 300
    [max_price] => 3500
)
Array
(
    [filters] => Array
        (
            [0] => NORSU Campus 1
        )

    [min_price] => 300
    [max_price] => 3500
)
Array
(
    [filters] => Array
        (
            [0] => NORSU Campus 1
        )

    [min_price] => 300
    [max_price] => 3500
)
Array
(
    [filters] => Array
        (
            [0] => NORSU Campus 1
        )

    [min_price] => 300
    [max_price] => 3500
)
Array
(
    [filters] => Array
        (
            [0] => NORSU Campus 1
        )

    [min_price] => 300
    [max_price] => 3500
)
Array
(
    [filters] => Array
        (
            [0] => NORSU Campus 1
        )

    [min_price] => 300
    [max_price] => 3500
)
Array
(
    [filters] => Array
        (
            [0] => NORSU Campus 1
        )

    [min_price] => 300
    [max_price] => 3500
)
Array
(
    [filters] => Array
        (
            [0] => NORSU Campus 1
        )

    [min_price] => 300
    [max_price] => 3500
)
Array
(
    [filters] => Array
        (
            [0] => NORSU Campus 1
        )

    [min_price] => 300
    [max_price] => 3500
)
Array
(
    [filters] => Array
        (
            [0] => NORSU Campus 1
        )

    [min_price] => 300
    [max_price] => 3500
)
Array
(
    [filters] => Array
        (
            [0] => NORSU Campus 1
        )

    [min_price] => 300
    [max_price] => 3500
)
Array
(
    [filters] => Array
        (
            [0] => NORSU Campus 1
        )

    [min_price] => 300
    [max_price] => 3500
)
Array
(
    [filters] => Array
        (
            [0] => NORSU Campus 1
        )

    [min_price] => 300
    [max_price] => 3500
)
Array
(
    [filters] => Array
        (
            [0] => NORSU Campus 1
        )

    [min_price] => 300
    [max_price] => 3500
)
Array
(
    [filters] => Array
        (
            [0] => NORSU Campus 1
        )

    [min_price] => 300
    [max_price] => 3500
)
Array
(
    [filters] => Array
        (
            [0] => NORSU Campus 1
        )

    [min_price] => 300
    [max_price] => 3500
)
Array
(
    [filters] => Array
        (
            [0] => NORSU Campus 1
        )

    [min_price] => 300
    [max_price] => 3500
)
Array
(
    [filters] => Array
        (
            [0] => NORSU Campus 1
        )

    [min_price] => 300
    [max_price] => 3500
)
Array
(
    [filters] => Array
        (
            [0] => NORSU Campus 1
        )

    [min_price] => 300
    [max_price] => 3500
)
Array
(
    [filters] => Array
        (
            [0] => NORSU Campus 1
        )

    [min_price] => 300
    [max_price] => 3500
)
Array
(
    [filters] => Array
        (
            [0] => NORSU Campus 1
        )

    [min_price] => 300
    [max_price] => 3500
)
Array
(
    [filters] => Array
        (
            [0] => NORSU Campus 1
        )

    [min_price] => 300
    [max_price] => 3500
)
Array
(
    [filters] => Array
        (
            [0] => NORSU Campus 1
        )

    [min_price] => 300
    [max_price] => 3500
)
Array
(
    [filters] => Array
        (
            [0] => NORSU Campus 1
        )

    [min_price] => 300
    [max_price] => 3500
)
Array
(
    [filters] => Array
        (
            [0] => NORSU Campus 1
        )

    [min_price] => 300
    [max_price] => 3500
)
Array
(
    [filters] => Array
        (
            [0] => NORSU Campus 1
        )

    [min_price] => 300
    [max_price] => 3500
)
Array
(
    [filters] => Array
        (
            [0] => NORSU Campus 1
        )

    [min_price] => 300
    [max_price] => 3500
)
Array
(
    [filters] => Array
        (
            [0] => NORSU Campus 1
        )

    [min_price] => 300
    [max_price] => 3500
)
Array
(
    [filters] => Array
        (
            [0] => NORSU Campus 1
        )

    [min_price] => 300
    [max_price] => 3500
)
Array
(
    [filters] => Array
        (
            [0] => NORSU Campus 1
        )

    [min_price] => 300
    [max_price] => 3500
)
Array
(
    [filters] => Array
        (
            [0] => NORSU Campus 1
        )

    [min_price] => 300
    [max_price] => 3500
)
Array
(
    [filters] => Array
        (
            [0] => NORSU Campus 1
        )

    [min_price] => 301
    [max_price] => 3500
)
Array
(
    [filters] => Array
        (
            [0] => NORSU Campus 1
        )

    [min_price] => 301
    [max_price] => 3500
)
Array
(
    [filters] => Array
        (
            [0] => NORSU Campus 1
        )

    [min_price] => 302
    [max_price] => 3500
)
Array
(
    [filters] => Array
        (
            [0] => NORSU Campus 1
        )

    [min_price] => 302
    [max_price] => 3500
)
Array
(
    [filters] => Array
        (
            [0] => NORSU Campus 1
        )

    [min_price] => 3
    [max_price] => 3500
)
Array
(
    [filters] => Array
        (
            [0] => NORSU Campus 1
        )

    [min_price] => 0
    [max_price] => 3500
)
Array
(
    [filters] => Array
        (
            [0] => NORSU Campus 1
        )

    [min_price] => 1
    [max_price] => 3500
)
Array
(
    [filters] => Array
        (
            [0] => NORSU Campus 1
        )

    [min_price] => 10
    [max_price] => 3500
)
Array
(
    [filters] => Array
        (
            [0] => NORSU Campus 1
        )

    [min_price] => 100
    [max_price] => 3500
)
Array
(
    [filters] => Array
        (
            [0] => NORSU Campus 1
        )

    [min_price] => 1000
    [max_price] => 3500
)
Array
(
    [filters] => Array
        (
            [0] => NORSU Campus 1
        )

    [min_price] => 1000
    [max_price] => 3500
)
Array
(
    [filters] => Array
        (
            [0] => NORSU Campus 1
        )

    [min_price] => 1000
    [max_price] => 3500
)
Array
(
    [filters] => Array
        (
            [0] => NORSU Campus 1
        )

    [min_price] => 1000
    [max_price] => 3500
)
Array
(
    [filters] => Array
        (
            [0] => NORSU Campus 1
        )

    [min_price] => 1000
    [max_price] => 3500
)
Array
(
    [filters] => Array
        (
            [0] => NORSU Campus 1
        )

    [min_price] => 1000
    [max_price] => 3500
)
Array
(
    [filters] => Array
        (
            [0] => NORSU Campus 1
        )

    [min_price] => 1000
    [max_price] => 3500
)
Array
(
    [filters] => Array
        (
            [0] => NORSU Campus 1
        )

    [min_price] => 1000
    [max_price] => 3500
)
Array
(
    [filters] => Array
        (
            [0] => NORSU Campus 1
        )

    [min_price] => 1000
    [max_price] => 3500
)
Array
(
    [filters] => Array
        (
            [0] => NORSU Campus 1
        )

    [min_price] => 1000
    [max_price] => 3500
)
Array
(
    [filters] => Array
        (
            [0] => NORSU Campus 1
        )

    [min_price] => 1000
    [max_price] => 3500
)
Array
(
    [filters] => Array
        (
            [0] => NORSU Campus 1
        )

    [min_price] => 1000
    [max_price] => 3500
)
Array
(
    [filters] => Array
        (
            [0] => NORSU Campus 1
        )

    [min_price] => 1000
    [max_price] => 3500
)
Array
(
    [filters] => Array
        (
            [0] => NORSU Campus 1
        )

    [min_price] => 1000
    [max_price] => 3500
)
Array
(
    [0] => NORSU Campus 1
)
Array
(
    [0] => NORSU Campus 1
)
Array
(
    [filters] => Array
        (
            [0] => NORSU Campus 1
        )

    [min_price] => 300
    [max_price] => 3500
)
Array
(
    [filters] => Array
        (
            [0] => NORSU Campus 1
        )

    [min_price] => 300
    [max_price] => 3500
)
Array
(
    [filters] => Array
        (
            [0] => NORSU Campus 1
        )

    [min_price] => 300
    [max_price] => 3500
)
Array
(
    [filters] => Array
        (
            [0] => NORSU Campus 1
        )

    [min_price] => 300
    [max_price] => 3500
)
Array
(
    [filters] => Array
        (
            [0] => NORSU Campus 1
        )

    [min_price] => 300
    [max_price] => 3500
)
Array
(
    [filters] => Array
        (
            [0] => NORSU Campus 1
        )

    [min_price] => 300
    [max_price] => 3500
)
Array
(
    [filters] => Array
        (
            [0] => NORSU Campus 1
        )

    [min_price] => 300
    [max_price] => 3500
)
Array
(
    [filters] => Array
        (
            [0] => NORSU Campus 1
        )

    [min_price] => 300
    [max_price] => 3500
)
Array
(
    [filters] => Array
        (
            [0] => NORSU Campus 1
        )

    [min_price] => 300
    [max_price] => 3500
)
Array
(
    [filters] => Array
        (
            [0] => NORSU Campus 1
        )

    [min_price] => 300
    [max_price] => 3500
)
Array
(
    [filters] => Array
        (
            [0] => NORSU Campus 1
        )

    [min_price] => 300
    [max_price] => 3500
)
Array
(
    [filters] => Array
        (
            [0] => NORSU Campus 1
        )

    [min_price] => 300
    [max_price] => 3500
)
Array
(
    [filters] => Array
        (
            [0] => NORSU Campus 1
        )

    [min_price] => 300
    [max_price] => 3500
)
Array
(
    [filters] => Array
        (
            [0] => NORSU Campus 1
        )

    [min_price] => 300
    [max_price] => 3500
)
Array
(
    [filters] => Array
        (
            [0] => NORSU Campus 1
        )

    [min_price] => 300
    [max_price] => 3500
)
Array
(
    [filters] => Array
        (
            [0] => NORSU Campus 1
        )

    [min_price] => 300
    [max_price] => 3500
)
Array
(
    [filters] => Array
        (
            [0] => NORSU Campus 1
        )

    [min_price] => 300
    [max_price] => 3500
)
Array
(
    [filters] => Array
        (
            [0] => NORSU Campus 1
        )

    [min_price] => 300
    [max_price] => 3500
)
Array
(
    [filters] => Array
        (
            [0] => NORSU Campus 1
        )

    [min_price] => 300
    [max_price] => 3500
)
Array
(
    [filters] => Array
        (
            [0] => NORSU Campus 1
        )

    [min_price] => 300
    [max_price] => 3500
)
Array
(
    [filters] => Array
        (
            [0] => NORSU Campus 1
        )

    [min_price] => 300
    [max_price] => 3500
)
Array
(
    [filters] => Array
        (
            [0] => NORSU Campus 1
        )

    [min_price] => 300
    [max_price] => 3500
)
Array
(
    [filters] => Array
        (
            [0] => NORSU Campus 1
        )

    [min_price] => 300
    [max_price] => 3500
)
Array
(
    [filters] => Array
        (
            [0] => NORSU Campus 1
        )

    [min_price] => 300
    [max_price] => 3500
)
Array
(
    [filters] => Array
        (
            [0] => NORSU Campus 1
        )

    [min_price] => 300
    [max_price] => 3500
)
Array
(
    [filters] => Array
        (
            [0] => NORSU Campus 1
        )

    [min_price] => 300
    [max_price] => 3500
)
Array
(
    [filters] => Array
        (
            [0] => NORSU Campus 1
        )

    [min_price] => 300
    [max_price] => 3500
)
Array
(
    [filters] => Array
        (
            [0] => NORSU Campus 1
        )

    [min_price] => 300
    [max_price] => 3500
)
Array
(
    [filters] => Array
        (
            [0] => NORSU Campus 1
        )

    [min_price] => 300
    [max_price] => 3500
)
Array
(
    [filters] => Array
        (
            [0] => NORSU Campus 1
        )

    [min_price] => 300
    [max_price] => 3500
)
Array
(
    [filters] => Array
        (
            [0] => NORSU Campus 1
        )

    [min_price] => 300
    [max_price] => 3500
)
Array
(
    [filters] => Array
        (
            [0] => NORSU Campus 1
        )

    [min_price] => 300
    [max_price] => 3500
)
Array
(
    [filters] => Array
        (
            [0] => NORSU Campus 1
        )

    [min_price] => 300
    [max_price] => 3500
)
Array
(
    [filters] => Array
        (
            [0] => NORSU Campus 1
        )

    [min_price] => 300
    [max_price] => 3500
)
Array
(
    [filters] => Array
        (
            [0] => NORSU Campus 1
        )

    [min_price] => 300
    [max_price] => 3500
)
Array
(
    [filters] => Array
        (
            [0] => NORSU Campus 1
        )

    [min_price] => 300
    [max_price] => 3500
)
Array
(
    [filters] => Array
        (
            [0] => NORSU Campus 1
        )

    [min_price] => 300
    [max_price] => 3500
)
Array
(
    [filters] => Array
        (
            [0] => NORSU Campus 1
        )

    [min_price] => 300
    [max_price] => 3500
)
Array
(
    [filters] => Array
        (
            [0] => NORSU Campus 1
        )

    [min_price] => 300
    [max_price] => 3500
)
Array
(
    [filters] => Array
        (
            [0] => NORSU Campus 1
        )

    [min_price] => 300
    [max_price] => 3500
)
Array
(
    [filters] => Array
        (
            [0] => NORSU Campus 1
        )

    [min_price] => 300
    [max_price] => 3500
)
Array
(
    [filters] => Array
        (
            [0] => NORSU Campus 1
        )

    [min_price] => 300
    [max_price] => 3500
)
Array
(
    [filters] => Array
        (
            [0] => NORSU Campus 1
        )

    [min_price] => 300
    [max_price] => 3500
)
Array
(
    [filters] => Array
        (
            [0] => NORSU Campus 1
        )

    [min_price] => 300
    [max_price] => 3500
)
Array
(
    [filters] => Array
        (
            [0] => NORSU Campus 1
        )

    [min_price] => 300
    [max_price] => 3500
)
Array
(
    [filters] => Array
        (
            [0] => NORSU Campus 1
        )

    [min_price] => 300
    [max_price] => 3500
)
Array
(
    [filters] => Array
        (
            [0] => NORSU Campus 1
        )

    [min_price] => 300
    [max_price] => 3500
)
Array
(
    [filters] => Array
        (
            [0] => NORSU Campus 1
        )

    [min_price] => 300
    [max_price] => 3500
)
Array
(
    [filters] => Array
        (
            [0] => NORSU Campus 1
        )

    [min_price] => 300
    [max_price] => 3500
)
Array
(
    [0] => NORSU Campus 1
)
Array
(
    [0] => NORSU Campus 1
    [1] => Wifi
)
Array
(
    [0] => NORSU Campus 1
)
Array
(
    [0] => NORSU Campus 1
    [1] => Wifi
)
Array
(
    [0] => NORSU Campus 1
)
Array
(
    [0] => Wifi
)
Array
(
    [0] => Boarding Houses
)
Array
(
    [0] => Boarding Houses
    [1] => Hotels
)
Array
(
    [0] => Boarding Houses
    [1] => Hotels
    [2] => Lodging Houses
)
Array
(
    [0] => Boarding Houses
    [1] => Hotels
)
Array
(
    [0] => Boarding Houses
)
Array
(
    [0] => NORSU Campus 1
)
Array
(
    [0] => NORSU Campus 1
)
Array
(
    [0] => NORSU Campus 1
    [1] => Bais City High School
)
Array
(
    [0] => Parking
)
Array
(
    [0] => Kitchen
    [1] => Parking
)
Array
(
    [0] => Bathroom
    [1] => Kitchen
    [2] => Parking
)
Array
(
    [0] => NORSU Campus 1
)
Array
(
    [0] => NORSU Campus 1
)
Array
(
    [0] => NORSU Campus 1
    [1] => Wifi
)
Array
(
    [0] => NORSU Campus 1
    [1] => Norsu Campus 2
    [2] => Wifi
)
Array
(
    [0] => NORSU Campus 1
)
Array
(
    [0] => NORSU Campus 1
)
Array
(
    [0] => NORSU Campus 1
)
Array
(
    [0] => NORSU Campus 1
)
Array
(
    [0] => NORSU Campus 1
)
Array
(
    [0] => NORSU Campus 1
)
Array
(
    [0] => NORSU Campus 1
)
Array
(
    [0] => NORSU Campus 1
)
Array
(
    [0] => NORSU Campus 1
)
Array
(
    [0] => NORSU Campus 1
)
Array
(
    [0] => NORSU Campus 1
)
Array
(
    [0] => NORSU Campus 1
)
Array
(
    [0] => NORSU Campus 1
)
Array
(
    [0] => NORSU Campus 1
)
Array
(
    [0] => NORSU Campus 1
)
Array
(
    [0] => NORSU Campus 1
)
Array
(
    [0] => NORSU Campus 1
    [1] => Wifi
)
Array
(
    [0] => NORSU Campus 1
    [1] => Wifi
    [2] => Wifi
)
Array
(
    [0] => NORSU Campus 1
)
Array
(
    [0] => NORSU Campus 1
)
Array
(
    [0] => NORSU Campus 1
)
Array
(
    [0] => NORSU Campus 1
    [1] => Wifi
)
Array
(
    [0] => NORSU Campus 1
)
Array
(
    [0] => NORSU Campus 1
)
Array
(
    [0] => NORSU Campus 1
    [1] => Norsu Campus 2
)
Array
(
    [0] => NORSU Campus 1
    [1] => Norsu Campus 2
    [2] => Wifi
)
Array
(
    [0] => NORSU Campus 1
    [1] => Norsu Campus 2
    [2] => Wifi
    [3] => Air conditioned
)
Array
(
    [0] => NORSU Campus 1
    [1] => Norsu Campus 2
    [2] => Wifi
    [3] => Air conditioned
    [4] => Swimming pool
)
Array
(
    [0] => NORSU Campus 1
    [1] => Norsu Campus 2
    [2] => Wifi
    [3] => Air conditioned
    [4] => Swimming pool
    [5] => Wifi
)
Array
(
    [0] => NORSU Campus 1
    [1] => Norsu Campus 2
    [2] => Wifi
    [3] => Air conditioned
    [4] => Swimming pool
    [5] => Wifi
    [6] => Air conditioned
)
Array
(
    [0] => Boarding Houses
)
Array
(
    [0] => Boarding Houses
    [1] => NORSU Campus 1
)
Array
(
    [0] => Boarding Houses
    [1] => NORSU Campus 1
    [2] => Air conditioned
)
Array
(
    [0] => Boarding Houses
    [1] => NORSU Campus 1
    [2] => Wifi
    [3] => Air conditioned
)
Array
(
    [0] => Boarding Houses
    [1] => NORSU Campus 1
    [2] => Wifi
    [3] => Air conditioned
    [4] => Wifi
)
Array
(
    [0] => Wifi
)
Array
(
    [0] => NORSU Campus 1
)
Array
(
    [0] => NORSU Campus 1
    [1] => Centre of Bais
)
Array
(
    [0] => NORSU Campus 1
    [1] => LCC
    [2] => Centre of Bais
)
Array
(
    [0] => NORSU Campus 1
)
Array
(
    [0] => NORSU Campus 1
    [1] => Wifi
)
Array
(
    [0] => NORSU Campus 1
)
Array
(
    [0] => 
)
Array
(
    [0] => NORSU Campus 1
)
Array
(
    [0] => NORSU Campus 1
)
Array
(
    [0] => NORSU Campus 1
    [1] => Wifi
)
Array
(
    [0] => NORSU Campus 1
)
Array
(
    [0] => NORSU Campus 1
)
Array
(
    [0] => NORSU Campus 1
)
Array
(
    [0] => NORSU Campus 1
)
Array
(
    [0] => NORSU Campus 1
)
Array
(
    [0] => NORSU Campus 1
)
Array
(
    [0] => NORSU Campus 1
    [1] => Norsu Campus 2
)
Array
(
    [0] => NORSU Campus 1
    [1] => Norsu Campus 2
    [2] => Wifi
)
Array
(
    [0] => NORSU Campus 1
    [1] => Wifi
)
Array
(
    [0] => Wifi
)
Array
(
    [0] => NORSU Campus 1
    [1] => Wifi
)
Array
(
    [0] => NORSU Campus 1
    [1] => Norsu Campus 2
    [2] => Wifi
)
Array
(
    [0] => NORSU Campus 1
)
Array
(
    [0] => NORSU Campus 1
    [1] => Norsu Campus 2
)
Array
(
    [0] => NORSU Campus 1
    [1] => Norsu Campus 2
    [2] => Wifi
)
Array
(
    [0] => NORSU Campus 1
)
Array
(
    [0] => NORSU Campus 1
)
Array
(
    [0] => NORSU Campus 1
)
